// Jest Snapshot v1, https://goo.gl/fbAQLP

exports[`bot loads commands 1`] = `
Array [
  Object {
    "description": "Searches https://threejs.org/docs/ for docs matching query.",
    "execute": [Function],
    "name": "docs",
    "options": Array [
      Object {
        "description": "A query or class to search matching docs for",
        "name": "query",
        "required": true,
        "type": "string",
      },
    ],
  },
  Object {
    "description": "Searches https://threejs.org/examples/ for examples matching query.",
    "execute": [Function],
    "name": "examples",
    "options": Array [
      Object {
        "description": "Query to search matching examples for",
        "name": "query",
        "required": true,
        "type": "string",
      },
    ],
  },
  Object {
    "description": "Displays this bot's commands.",
    "execute": [Function],
    "name": "help",
  },
]
`;

exports[`bot loads events 1`] = `
Array [
  Object {
    "execute": [Function],
    "name": "message",
  },
  Object {
    "execute": [Function],
    "name": "raw",
  },
  Object {
    "execute": [Function],
    "name": "ready",
  },
]
`;
